// Jest Snapshot v1, https://goo.gl/fbAQLP

exports[`renders correctly 1`] = `
<li
  className="sc-bdfBwQ ftQkNA"
>
  <div
    className="sc-gsTCUz eugYRC"
  >
    <b>
      le ordinateur
    </b>
    <small>
      der Computer
    </small>
  </div>
  <svg
    className="sc-dlfnbm lnKTpL"
    onClick={[Function]}
  >
    delete.svg
  </svg>
</li>
`;
